ESP-ROM:esp32s3-20210327
Build:Mar 27 2021
rst:0x15 (USB_UART_CHIPESP-ROM:esp32s3-20210327
Build:Mar 27 2021
rst:0x15 (USB_UART_CHIP_RESET),boot:0x28 (SPI_FAST_FLASH_BOOT)
Saved PC:0x40041a79
SPIWP:0xee
mode:DIO, clock div:1
load:0x3fce3818,len:0x1750
load:0x403c9700,len:0x4
load:0x403c9704,len:0xc00
load:0x403cc700,len:0x2e20
entry 0x403c9908
[0;32mI (26) boot: ESP-IDF 5.1.6 2nd stage bootloader[0m
[0;32mI (27) boot: compile time Sep 20 2026 14:42:00[0m
[0;32mI (27) boot: Multicore bootloader[0m
[0;32mI (30) boot: chip revision: v0.2[0m
[0;32mI (34) boot.esp32s3: Boot SPI Speed : 80MHz[0m
[0;32mI (38) boot.esp32s3: SPI Mode       : DIO[0m
[0;32mI (43) boot.esp32s3: SPI Flash Size : 2MB[0m
[0;32mI (48) boot: Enabling RNG early entropy source...[0m
[0;32mI (53) boot: Partition Table:[0m
[0;32mI (57) boot: ## Label            Usage          Type ST Offset   Length[0m
[0;32mI (64) boot:  0 nvs              WiFi data        01 02 00009000 00006000[0m
[0;32mI (71) boot:  1 phy_init         RF data          01 01 0000f000 00001000[0m
[0;32mI (79) boot:  2 factory          factory app      00 00 00010000 00100000[0m
[0;32mI (86) boot: End of partition table[0m
[0;32mI (91) esp_image: segment 0: paddr=00010020 vaddr=3c040020 size=0ea98h ( 60056) map[0m
[0;32mI (110) esp_image: segment 1: paddr=0001eac0 vaddr=3fc97a00 size=01558h (  5464) load[0m
[0;32mI (111) esp_image: segment 2: paddr=00020020 vaddr=42000020 size=396d0h (235216) map[0m
[0;32mI (158) esp_image: segment 3: paddr=000596f8 vaddr=3fc98f58 size=02788h ( 10120) load[0m
[0;32mI (161) esp_image: segment 4: paddr=0005be88 vaddr=40374000 size=13930h ( 80176) load[0m
[0;32mI (190) boot: Loaded app from partition at offset 0x10000[0m
[0;32mI (190) boot: Disabling RNG early entropy source...[0m
[0;32mI (201) cpu_start: Multicore app[0m
[0;32mI (202) cpu_start: Pro cpu up.[0m
[0;32mI (202) cpu_start: Starting app cpu, entry point is 0x40375434[0m
[0;32mI (0) cpu_start: App cpu up.[0m
[0;32mI (220) cpu_start: Pro cpu start user code[0m
[0;32mI (220) cpu_start: cpu freq: 160000000 Hz[0m
[0;32mI (220) cpu_start: Application information:[0m
[0;32mI (223) cpu_start: Project name:     s3_controller_probe[0m
[0;32mI (229) cpu_start: App version:      1[0m
[0;32mI (233) cpu_start: Compile time:     Sep 20 2026 14:41:51[0m
[0;32mI (239) cpu_start: ELF file SHA256:  0ef72193eafaa2db...[0m
[0;32mI (245) cpu_start: ESP-IDF:          5.1.6[0m
[0;32mI (250) cpu_start: Min chip rev:     v0.0[0m
[0;32mI (255) cpu_start: Max chip rev:     v0.99 [0m
[0;32mI (260) cpu_start: Chip rev:         v0.2[0m
[0;32mI (264) heap_init: Initializing. RAM available for dynamic allocation:[0m
[0;32mI (272) heap_init: At 3FC9C328 len 0004D3E8 (308 KiB): DRAM[0m
[0;32mI (278) heap_init: At 3FCE9710 len 00005724 (21 KiB): STACK/DRAM[0m
[0;32mI (284) heap_init: At 3FCF0000 len 00008000 (32 KiB): DRAM[0m
[0;32mI (291) heap_init: At 600FE010 len 00001FD8 (7 KiB): RTCRAM[0m
[0;32mI (298) spi_flash: detected chip: generic[0m
[0;32mI (302) spi_flash: flash io: dio[0m
[0;33mW (305) spi_flash: Detected size(4096k) larger than the size in the binary image header(2048k). Using the size in the binary image header.[0m
[0;32mI (319) sleep: Configure to isolate all GPIO pins in sleep state[0m
[0;32mI (326) sleep: Enable automatic switching of GPIO sleep configuration[0m
[0;32mI (333) coexist: coex firmware version: 994b23e[0m
[0;32mI (338) coexist: coexist rom version e7ae62f[0m
[0;32mI (343) app_start: Starting scheduler on CPU0[0m
[0;32mI (348) app_start: Starting scheduler on CPU1[0m
[0;32mI (348) main_task: Started on CPU0[0m
[0;32mI (358) main_task: Calling app_main()[0m
PROBE target=esp32s3 idf=5.1.6 case=2 init_mode=3 enable_mode=3
PROBE operation=nvs_init error=ESP_OK code=0x0 status=0
[0;31mE (378) BLE_INIT: esp_bt_controller_init controller only support BLE only mode[0m
PROBE operation=controller_init error=ESP_ERR_NOT_SUPPORTED code=0x106 status=0
PROBE done=1 stage=init_failure
[0;32mI (388) main_task: Returned from app_main()[0m
