esptool.py v4.12.0
Serial port /dev/cu.usbmodem101
Connecting...
Chip is ESP32-S3 (QFN56) (revision v0.2)
Features: WiFi, BLE, Embedded Flash 4MB (XMC), Embedded PSRAM 2MB (AP_3v3)
Crystal is 40MHz
USB mode: USB-Serial/JTAG
MAC: ac:27:6e:cc:fb:80
Uploading stub...
Running stub...
Stub running...
Changing baud rate to 921600
Changed.
Configuring flash size...
Flash will be erased from 0x00000000 to 0x00005fff...
Flash will be erased from 0x00010000 to 0x0006ffff...
Flash will be erased from 0x00008000 to 0x00008fff...
SHA digest in image updated
Compressed 20944 bytes to 13295...
Writing at 0x00000000... (100 %)
Wrote 20944 bytes (13295 compressed) at 0x00000000 in 0.3 seconds (effective 637.2 kbit/s)...
Hash of data verified.
Compressed 391136 bytes to 229800...
Writing at 0x00010000... (6 %)
Writing at 0x0001be66... (13 %)
Writing at 0x000239d8... (20 %)
Writing at 0x00029e1e... (26 %)
Writing at 0x0002fd4f... (33 %)
Writing at 0x00035735... (40 %)
Writing at 0x0003b0e3... (46 %)
Writing at 0x000409e2... (53 %)
Writing at 0x00046434... (60 %)
Writing at 0x0004c624... (66 %)
Writing at 0x00055a55... (73 %)
Writing at 0x0005e0fe... (80 %)
Writing at 0x00063b13... (86 %)
Writing at 0x000691ff... (93 %)
Writing at 0x0006f5d1... (100 %)
Wrote 391136 bytes (229800 compressed) at 0x00010000 in 2.1 seconds (effective 1500.8 kbit/s)...
Hash of data verified.
Compressed 3072 bytes to 103...
Writing at 0x00008000... (100 %)
Wrote 3072 bytes (103 compressed) at 0x00008000 in 0.0 seconds (effective 501.6 kbit/s)...
Hash of data verified.

Leaving...
Staying in bootloader.
