esptool.py v4.12.0
Serial port /dev/cu.usbmodem101
Connecting...
Chip is ESP32-S3 (QFN56) (revision v0.2)
Features: WiFi, BLE, Embedded Flash 4MB (XMC), Embedded PSRAM 2MB (AP_3v3)
Crystal is 40MHz
USB mode: USB-Serial/JTAG
MAC: ac:27:6e:cc:fb:80
Uploading stub...
Running stub...
Stub running...
Changing baud rate to 921600
Changed.
Configuring flash size...
Flash will be erased from 0x00000000 to 0x00005fff...
Flash will be erased from 0x00010000 to 0x0006ffff...
Flash will be erased from 0x00008000 to 0x00008fff...
SHA digest in image updated
Compressed 20944 bytes to 13296...
Writing at 0x00000000... (100 %)
Wrote 20944 bytes (13296 compressed) at 0x00000000 in 0.3 seconds (effective 632.3 kbit/s)...
Hash of data verified.
Compressed 391136 bytes to 229800...
Writing at 0x00010000... (6 %)
Writing at 0x0001be6c... (13 %)
Writing at 0x000239dc... (20 %)
Writing at 0x00029e1f... (26 %)
Writing at 0x0002fd62... (33 %)
Writing at 0x0003574c... (40 %)
Writing at 0x0003b0f8... (46 %)
Writing at 0x000409f4... (53 %)
Writing at 0x00046444... (60 %)
Writing at 0x0004c62b... (66 %)
Writing at 0x00055a5d... (73 %)
Writing at 0x0005e106... (80 %)
Writing at 0x00063b1b... (86 %)
Writing at 0x00069206... (93 %)
Writing at 0x0006f5d9... (100 %)
Wrote 391136 bytes (229800 compressed) at 0x00010000 in 2.1 seconds (effective 1504.4 kbit/s)...
Hash of data verified.
Compressed 3072 bytes to 103...
Writing at 0x00008000... (100 %)
Wrote 3072 bytes (103 compressed) at 0x00008000 in 0.1 seconds (effective 491.3 kbit/s)...
Hash of data verified.

Leaving...
Staying in bootloader.
