Executing action: all (aliases: build)
Running ninja in directory /Users/lojaws/Documents/ESP32-S3-Car-Adapter/firmware/airplay-receiver/build
Executing "ninja all"...
[1/9] Performing build step for 'bootloader'
[1/1] cd /Users/lojaws/Documents/ESP32-S3-Car-Adapter/firmware/airplay-receiver/build/bootloader/esp-idf/esptool_py && /Users/lojaws/Documents/ESP32-S3-Car-Adapter/.tools/python_env/idf5.1_py3.9_env/bin/python /Users/lojaws/.platformio/packages/framework-espidf/components/partition_table/check_sizes.py --offset 0x8000 bootloader 0x0 /Users/lojaws/Documents/ESP32-S3-Car-Adapter/firmware/airplay-receiver/build/bootloader/bootloader.bin
Bootloader binary size 0x50d0 bytes. 0x2f30 bytes (37%) free.
[2/9] No install step for 'bootloader'
[3/9] Completed 'bootloader'
[4/9] Building C object esp-idf/raop/CMakeFiles/__idf_raop.dir/rtp.c.obj
[5/9] Linking C static library esp-idf/raop/libraop.a
[6/9] Generating ld/sections.ld
[7/9] Linking CXX executable volvo_airplay.elf
[8/9] Generating binary image from built executable
esptool.py v4.12.0
Creating esp32s3 image...
Merged 2 ELF sections
Successfully created esp32s3 image.
Generated /Users/lojaws/Documents/ESP32-S3-Car-Adapter/firmware/airplay-receiver/build/volvo_airplay.bin
[9/9] cd /Users/lojaws/Documents/ESP32-S3-Car-Adapter/firmware/airplay-receiver/build/esp-idf/esptool_py && /Users/lojaws/Documents/ESP32-S3-Car-Adapter/.tools/python_env/idf5.1_py3.9_env/bin/python /Users/lojaws/.platformio/packages/framework-espidf/components/partition_table/check_sizes.py --offset 0x8000 partition --type app /Users/lojaws/Documents/ESP32-S3-Car-Adapter/firmware/airplay-receiver/build/partition_table/partition-table.bin /Users/lojaws/Documents/ESP32-S3-Car-Adapter/firmware/airplay-receiver/build/volvo_airplay.bin
volvo_airplay.bin binary size 0xd7b80 bytes. Smallest app partition is 0x177000 bytes. 0x9f480 bytes (42%) free.

Project build complete. To flash, run this command:
/Users/lojaws/Documents/ESP32-S3-Car-Adapter/.tools/python_env/idf5.1_py3.9_env/bin/python ../../../../.platformio/packages/framework-espidf/components/esptool_py/esptool/esptool.py -p (PORT) -b 460800 --before default_reset --after hard_reset --chip esp32s3  write_flash --flash_mode dio --flash_size 16MB --flash_freq 80m 0x0 build/bootloader/bootloader.bin 0x8000 build/partition_table/partition-table.bin 0x10000 build/volvo_airplay.bin
or run 'idf.py -p (PORT) flash'
