/Users/lojaws/.platformio/packages/toolchain-xtensa-esp32s3/bin/xtensa-esp32s3-elf-nm: phy_fpga_v7_cal.o: no symbols
/Users/lojaws/.platformio/packages/toolchain-xtensa-esp32s3/bin/xtensa-esp32s3-elf-nm: phy_fpga_v7_init.o: no symbols
/Users/lojaws/.platformio/packages/toolchain-xtensa-esp32s3/bin/xtensa-esp32s3-elf-nm: phy_rom.o: no symbols
/Users/lojaws/.platformio/packages/toolchain-xtensa-esp32s3/bin/xtensa-esp32s3-elf-nm: ble_ll_iso.c.o: no symbols
/Users/lojaws/.platformio/packages/toolchain-xtensa-esp32s3/bin/xtensa-esp32s3-elf-nm: hal_os_tick.c.o: no symbols
/Users/lojaws/.platformio/packages/toolchain-xtensa-esp32s3/bin/xtensa-esp32s3-elf-nm: advertise_filter.c.o: no symbols
/Users/lojaws/.platformio/packages/toolchain-xtensa-esp32s3/bin/xtensa-esp32s3-elf-nm: filter_data_base.c.o: no symbols
/Users/lojaws/.platformio/packages/toolchain-xtensa-esp32s3/bin/xtensa-esp32s3-elf-nm: filter_duplicate.c.o: no symbols
/Users/lojaws/.platformio/packages/toolchain-xtensa-esp32s3/bin/xtensa-esp32s3-elf-nm: filter_exception_list.c.o: no symbols
/Users/lojaws/.platformio/packages/toolchain-xtensa-esp32s3/bin/xtensa-esp32s3-elf-nm: sched_queue_check.c.o: no symbols
/Users/lojaws/.platformio/packages/toolchain-xtensa-esp32s3/bin/xtensa-esp32s3-elf-nm: ble_ll_iso.c.o: no symbols
/Users/lojaws/.platformio/packages/toolchain-xtensa-esp32s3/bin/xtensa-esp32s3-elf-nm: hal_os_tick.c.o: no symbols
/Users/lojaws/.platformio/packages/toolchain-xtensa-esp32s3/bin/xtensa-esp32s3-elf-nm: advertise_filter.c.o: no symbols
/Users/lojaws/.platformio/packages/toolchain-xtensa-esp32s3/bin/xtensa-esp32s3-elf-nm: filter_data_base.c.o: no symbols
/Users/lojaws/.platformio/packages/toolchain-xtensa-esp32s3/bin/xtensa-esp32s3-elf-nm: filter_duplicate.c.o: no symbols
/Users/lojaws/.platformio/packages/toolchain-xtensa-esp32s3/bin/xtensa-esp32s3-elf-nm: filter_exception_list.c.o: no symbols
/Users/lojaws/.platformio/packages/toolchain-xtensa-esp32s3/bin/xtensa-esp32s3-elf-nm: sched_queue_check.c.o: no symbols
/Users/lojaws/.platformio/packages/toolchain-xtensa-esp32s3/bin/xtensa-esp32s3-elf-nm: btdm_env.o: no symbols
/Users/lojaws/.platformio/packages/toolchain-xtensa-esp32s3/bin/xtensa-esp32s3-elf-nm: config_funcs.o: no symbols
/Users/lojaws/.platformio/packages/toolchain-xtensa-esp32s3/bin/xtensa-esp32s3-elf-nm: dbg_trc_mem.o: no symbols
/Users/lojaws/.platformio/packages/toolchain-xtensa-esp32s3/bin/xtensa-esp32s3-elf-nm: dbg_trc.o: no symbols
/Users/lojaws/.platformio/packages/toolchain-xtensa-esp32s3/bin/xtensa-esp32s3-elf-nm: dbg_trc_tl.o: no symbols
/Users/lojaws/.platformio/packages/toolchain-xtensa-esp32s3/bin/xtensa-esp32s3-elf-nm: display.o: no symbols
/Users/lojaws/.platformio/packages/toolchain-xtensa-esp32s3/bin/xtensa-esp32s3-elf-nm: display_task.o: no symbols
/Users/lojaws/.platformio/packages/toolchain-xtensa-esp32s3/bin/xtensa-esp32s3-elf-nm: llc_dbg.o: no symbols
/Users/lojaws/.platformio/packages/toolchain-xtensa-esp32s3/bin/xtensa-esp32s3-elf-nm: llm_iso.o: no symbols
/Users/lojaws/.platformio/packages/toolchain-xtensa-esp32s3/bin/xtensa-esp32s3-elf-nm: timer.o: no symbols
/Users/lojaws/.platformio/packages/toolchain-xtensa-esp32s3/bin/xtensa-esp32s3-elf-nm: btdm_env.o: no symbols
/Users/lojaws/.platformio/packages/toolchain-xtensa-esp32s3/bin/xtensa-esp32s3-elf-nm: config_funcs.o: no symbols
/Users/lojaws/.platformio/packages/toolchain-xtensa-esp32s3/bin/xtensa-esp32s3-elf-nm: dbg_trc_mem.o: no symbols
/Users/lojaws/.platformio/packages/toolchain-xtensa-esp32s3/bin/xtensa-esp32s3-elf-nm: dbg_trc.o: no symbols
/Users/lojaws/.platformio/packages/toolchain-xtensa-esp32s3/bin/xtensa-esp32s3-elf-nm: dbg_trc_tl.o: no symbols
/Users/lojaws/.platformio/packages/toolchain-xtensa-esp32s3/bin/xtensa-esp32s3-elf-nm: display.o: no symbols
/Users/lojaws/.platformio/packages/toolchain-xtensa-esp32s3/bin/xtensa-esp32s3-elf-nm: display_task.o: no symbols
/Users/lojaws/.platformio/packages/toolchain-xtensa-esp32s3/bin/xtensa-esp32s3-elf-nm: llc_dbg.o: no symbols
/Users/lojaws/.platformio/packages/toolchain-xtensa-esp32s3/bin/xtensa-esp32s3-elf-nm: llm_iso.o: no symbols
/Users/lojaws/.platformio/packages/toolchain-xtensa-esp32s3/bin/xtensa-esp32s3-elf-nm: timer.o: no symbols
/Users/lojaws/.platformio/packages/toolchain-xtensa-esp32s3/bin/xtensa-esp32s3-elf-nm: btdm_env.o: no symbols
/Users/lojaws/.platformio/packages/toolchain-xtensa-esp32s3/bin/xtensa-esp32s3-elf-nm: config_funcs.o: no symbols
/Users/lojaws/.platformio/packages/toolchain-xtensa-esp32s3/bin/xtensa-esp32s3-elf-nm: dbg_trc_mem.o: no symbols
/Users/lojaws/.platformio/packages/toolchain-xtensa-esp32s3/bin/xtensa-esp32s3-elf-nm: dbg_trc.o: no symbols
/Users/lojaws/.platformio/packages/toolchain-xtensa-esp32s3/bin/xtensa-esp32s3-elf-nm: dbg_trc_tl.o: no symbols
/Users/lojaws/.platformio/packages/toolchain-xtensa-esp32s3/bin/xtensa-esp32s3-elf-nm: display.o: no symbols
/Users/lojaws/.platformio/packages/toolchain-xtensa-esp32s3/bin/xtensa-esp32s3-elf-nm: display_task.o: no symbols
/Users/lojaws/.platformio/packages/toolchain-xtensa-esp32s3/bin/xtensa-esp32s3-elf-nm: llc_dbg.o: no symbols
/Users/lojaws/.platformio/packages/toolchain-xtensa-esp32s3/bin/xtensa-esp32s3-elf-nm: llm_iso.o: no symbols
/Users/lojaws/.platformio/packages/toolchain-xtensa-esp32s3/bin/xtensa-esp32s3-elf-nm: timer.o: no symbols
/Users/lojaws/.platformio/packages/toolchain-xtensa-esp32s3/bin/xtensa-esp32s3-elf-nm: btdm_env.o: no symbols
/Users/lojaws/.platformio/packages/toolchain-xtensa-esp32s3/bin/xtensa-esp32s3-elf-nm: config_funcs.o: no symbols
/Users/lojaws/.platformio/packages/toolchain-xtensa-esp32s3/bin/xtensa-esp32s3-elf-nm: dbg_trc_mem.o: no symbols
/Users/lojaws/.platformio/packages/toolchain-xtensa-esp32s3/bin/xtensa-esp32s3-elf-nm: dbg_trc.o: no symbols
/Users/lojaws/.platformio/packages/toolchain-xtensa-esp32s3/bin/xtensa-esp32s3-elf-nm: dbg_trc_tl.o: no symbols
/Users/lojaws/.platformio/packages/toolchain-xtensa-esp32s3/bin/xtensa-esp32s3-elf-nm: display.o: no symbols
/Users/lojaws/.platformio/packages/toolchain-xtensa-esp32s3/bin/xtensa-esp32s3-elf-nm: display_task.o: no symbols
/Users/lojaws/.platformio/packages/toolchain-xtensa-esp32s3/bin/xtensa-esp32s3-elf-nm: llc_dbg.o: no symbols
/Users/lojaws/.platformio/packages/toolchain-xtensa-esp32s3/bin/xtensa-esp32s3-elf-nm: llm_iso.o: no symbols
/Users/lojaws/.platformio/packages/toolchain-xtensa-esp32s3/bin/xtensa-esp32s3-elf-nm: timer.o: no symbols
/Users/lojaws/.platformio/packages/toolchain-xtensa-esp32s3/bin/xtensa-esp32s3-elf-nm: ble_lll_df.c.o: no symbols
/Users/lojaws/.platformio/packages/toolchain-xtensa-esp32s3/bin/xtensa-esp32s3-elf-nm: ble_lll_pawr.c.o: no symbols
/Users/lojaws/.platformio/packages/toolchain-xtensa-esp32s3/bin/xtensa-esp32s3-elf-nm: ble_lll_swr.c.o: no symbols
/Users/lojaws/.platformio/packages/toolchain-xtensa-esp32s3/bin/xtensa-esp32s3-elf-nm: ble_single_pawr.c.o: no symbols
/Users/lojaws/.platformio/packages/toolchain-xtensa-esp32s3/bin/xtensa-esp32s3-elf-nm: ble_single_swr.c.o: no symbols
/Users/lojaws/.platformio/packages/toolchain-xtensa-esp32s3/bin/xtensa-esp32s3-elf-nm: ble_hci_pawr.c.o: no symbols
/Users/lojaws/.platformio/packages/toolchain-xtensa-esp32s3/bin/xtensa-esp32s3-elf-nm: ble_hci_swr.c.o: no symbols
/Users/lojaws/.platformio/packages/toolchain-xtensa-esp32s3/bin/xtensa-esp32s3-elf-nm: ble_ll_df.c.o: no symbols
/Users/lojaws/.platformio/packages/toolchain-xtensa-esp32s3/bin/xtensa-esp32s3-elf-nm: ble_ll_iso.c.o: no symbols
/Users/lojaws/.platformio/packages/toolchain-xtensa-esp32s3/bin/xtensa-esp32s3-elf-nm: ble_ll_pawr.c.o: no symbols
/Users/lojaws/.platformio/packages/toolchain-xtensa-esp32s3/bin/xtensa-esp32s3-elf-nm: ble_ll_swr.c.o: no symbols
/Users/lojaws/.platformio/packages/toolchain-xtensa-esp32s3/bin/xtensa-esp32s3-elf-nm: ble_bb.c.o: no symbols
/Users/lojaws/.platformio/packages/toolchain-xtensa-esp32s3/bin/xtensa-esp32s3-elf-nm: ble_hw_cte.c.o: no symbols
/Users/lojaws/.platformio/packages/toolchain-xtensa-esp32s3/bin/xtensa-esp32s3-elf-nm: stub_link_funcs_table.c.o: no symbols
/Users/lojaws/.platformio/packages/toolchain-xtensa-esp32s3/bin/xtensa-esp32s3-elf-nm: stub_funcs_table.c.o: no symbols
/Users/lojaws/.platformio/packages/toolchain-xtensa-esp32s3/bin/xtensa-esp32s3-elf-nm: stub_funcs_interface_table.c.o: no symbols
/Users/lojaws/.platformio/packages/toolchain-xtensa-esp32s3/bin/xtensa-esp32s3-elf-nm: ble_lll_df.c.o: no symbols
/Users/lojaws/.platformio/packages/toolchain-xtensa-esp32s3/bin/xtensa-esp32s3-elf-nm: ble_lll_pawr.c.o: no symbols
/Users/lojaws/.platformio/packages/toolchain-xtensa-esp32s3/bin/xtensa-esp32s3-elf-nm: ble_lll_swr.c.o: no symbols
/Users/lojaws/.platformio/packages/toolchain-xtensa-esp32s3/bin/xtensa-esp32s3-elf-nm: ble_single.c.o: no symbols
/Users/lojaws/.platformio/packages/toolchain-xtensa-esp32s3/bin/xtensa-esp32s3-elf-nm: ble_single_adv.c.o: no symbols
/Users/lojaws/.platformio/packages/toolchain-xtensa-esp32s3/bin/xtensa-esp32s3-elf-nm: ble_single_adv_simulate.c.o: no symbols
/Users/lojaws/.platformio/packages/toolchain-xtensa-esp32s3/bin/xtensa-esp32s3-elf-nm: ble_single_conn.c.o: no symbols
/Users/lojaws/.platformio/packages/toolchain-xtensa-esp32s3/bin/xtensa-esp32s3-elf-nm: ble_single_conn_simulate.c.o: no symbols
/Users/lojaws/.platformio/packages/toolchain-xtensa-esp32s3/bin/xtensa-esp32s3-elf-nm: ble_single_pawr.c.o: no symbols
/Users/lojaws/.platformio/packages/toolchain-xtensa-esp32s3/bin/xtensa-esp32s3-elf-nm: ble_single_scan.c.o: no symbols
/Users/lojaws/.platformio/packages/toolchain-xtensa-esp32s3/bin/xtensa-esp32s3-elf-nm: ble_single_scan_simulate.c.o: no symbols
/Users/lojaws/.platformio/packages/toolchain-xtensa-esp32s3/bin/xtensa-esp32s3-elf-nm: ble_single_swr.c.o: no symbols
/Users/lojaws/.platformio/packages/toolchain-xtensa-esp32s3/bin/xtensa-esp32s3-elf-nm: ble_hci_pawr.c.o: no symbols
/Users/lojaws/.platformio/packages/toolchain-xtensa-esp32s3/bin/xtensa-esp32s3-elf-nm: ble_hci_swr.c.o: no symbols
/Users/lojaws/.platformio/packages/toolchain-xtensa-esp32s3/bin/xtensa-esp32s3-elf-nm: ble_ll_df.c.o: no symbols
/Users/lojaws/.platformio/packages/toolchain-xtensa-esp32s3/bin/xtensa-esp32s3-elf-nm: ble_ll_iso.c.o: no symbols
/Users/lojaws/.platformio/packages/toolchain-xtensa-esp32s3/bin/xtensa-esp32s3-elf-nm: ble_ll_pawr.c.o: no symbols
/Users/lojaws/.platformio/packages/toolchain-xtensa-esp32s3/bin/xtensa-esp32s3-elf-nm: ble_ll_swr.c.o: no symbols
/Users/lojaws/.platformio/packages/toolchain-xtensa-esp32s3/bin/xtensa-esp32s3-elf-nm: ble_bb.c.o: no symbols
/Users/lojaws/.platformio/packages/toolchain-xtensa-esp32s3/bin/xtensa-esp32s3-elf-nm: ble_hw_cte.c.o: no symbols
/Users/lojaws/.platformio/packages/toolchain-xtensa-esp32s3/bin/xtensa-esp32s3-elf-nm: stub_link_funcs_table.c.o: no symbols
/Users/lojaws/.platformio/packages/toolchain-xtensa-esp32s3/bin/xtensa-esp32s3-elf-nm: stub_funcs_table.c.o: no symbols
/Users/lojaws/.platformio/packages/toolchain-xtensa-esp32s3/bin/xtensa-esp32s3-elf-nm: stub_funcs_interface_table.c.o: no symbols
/Users/lojaws/.platformio/packages/toolchain-xtensa-esp32s3/bin/xtensa-esp32s3-elf-nm: ble_ll_iso.c.o: no symbols
/Users/lojaws/.platformio/packages/toolchain-xtensa-esp32s3/bin/xtensa-esp32s3-elf-nm: hal_os_tick.c.o: no symbols
/Users/lojaws/.platformio/packages/toolchain-xtensa-esp32s3/bin/xtensa-esp32s3-elf-nm: ble_ll_iso.c.o: no symbols
/Users/lojaws/.platformio/packages/toolchain-xtensa-esp32s3/bin/xtensa-esp32s3-elf-nm: hal_os_tick.c.o: no symbols
/Users/lojaws/.platformio/packages/toolchain-xtensa-esp32s3/bin/xtensa-esp32s3-elf-nm: ble_lll_df.c.o: no symbols
/Users/lojaws/.platformio/packages/toolchain-xtensa-esp32s3/bin/xtensa-esp32s3-elf-nm: ble_lll_pawr.c.o: no symbols
/Users/lojaws/.platformio/packages/toolchain-xtensa-esp32s3/bin/xtensa-esp32s3-elf-nm: ble_lll_swr.c.o: no symbols
/Users/lojaws/.platformio/packages/toolchain-xtensa-esp32s3/bin/xtensa-esp32s3-elf-nm: ble_single.c.o: no symbols
/Users/lojaws/.platformio/packages/toolchain-xtensa-esp32s3/bin/xtensa-esp32s3-elf-nm: ble_single_adv.c.o: no symbols
/Users/lojaws/.platformio/packages/toolchain-xtensa-esp32s3/bin/xtensa-esp32s3-elf-nm: ble_single_adv_simulate.c.o: no symbols
/Users/lojaws/.platformio/packages/toolchain-xtensa-esp32s3/bin/xtensa-esp32s3-elf-nm: ble_single_conn.c.o: no symbols
/Users/lojaws/.platformio/packages/toolchain-xtensa-esp32s3/bin/xtensa-esp32s3-elf-nm: ble_single_conn_simulate.c.o: no symbols
/Users/lojaws/.platformio/packages/toolchain-xtensa-esp32s3/bin/xtensa-esp32s3-elf-nm: ble_single_pawr.c.o: no symbols
/Users/lojaws/.platformio/packages/toolchain-xtensa-esp32s3/bin/xtensa-esp32s3-elf-nm: ble_single_scan.c.o: no symbols
/Users/lojaws/.platformio/packages/toolchain-xtensa-esp32s3/bin/xtensa-esp32s3-elf-nm: ble_single_scan_simulate.c.o: no symbols
/Users/lojaws/.platformio/packages/toolchain-xtensa-esp32s3/bin/xtensa-esp32s3-elf-nm: ble_single_swr.c.o: no symbols
/Users/lojaws/.platformio/packages/toolchain-xtensa-esp32s3/bin/xtensa-esp32s3-elf-nm: ble_hci_pawr.c.o: no symbols
/Users/lojaws/.platformio/packages/toolchain-xtensa-esp32s3/bin/xtensa-esp32s3-elf-nm: ble_hci_swr.c.o: no symbols
/Users/lojaws/.platformio/packages/toolchain-xtensa-esp32s3/bin/xtensa-esp32s3-elf-nm: ble_ll_df.c.o: no symbols
/Users/lojaws/.platformio/packages/toolchain-xtensa-esp32s3/bin/xtensa-esp32s3-elf-nm: ble_ll_iso.c.o: no symbols
/Users/lojaws/.platformio/packages/toolchain-xtensa-esp32s3/bin/xtensa-esp32s3-elf-nm: ble_ll_pawr.c.o: no symbols
/Users/lojaws/.platformio/packages/toolchain-xtensa-esp32s3/bin/xtensa-esp32s3-elf-nm: ble_ll_swr.c.o: no symbols
/Users/lojaws/.platformio/packages/toolchain-xtensa-esp32s3/bin/xtensa-esp32s3-elf-nm: ble_bb.c.o: no symbols
/Users/lojaws/.platformio/packages/toolchain-xtensa-esp32s3/bin/xtensa-esp32s3-elf-nm: ble_hw_cte.c.o: no symbols
/Users/lojaws/.platformio/packages/toolchain-xtensa-esp32s3/bin/xtensa-esp32s3-elf-nm: stub_link_funcs_table.c.o: no symbols
/Users/lojaws/.platformio/packages/toolchain-xtensa-esp32s3/bin/xtensa-esp32s3-elf-nm: stub_funcs_table.c.o: no symbols
/Users/lojaws/.platformio/packages/toolchain-xtensa-esp32s3/bin/xtensa-esp32s3-elf-nm: stub_funcs_interface_table.c.o: no symbols
Inventoried 26 files in /Users/lojaws/Documents/ESP32-S3-Car-Adapter/evidence/radio-inventory
